  Compiling CUDA source file simulate_gpu.cu...
  Compiling CUDA source file calculate_gpu.cu...
  
  D:\ComputerEng Hacettepe Master\CMP674- Parallel Computing with GPUs\Projects\Yeni klasör\m\CudaRuntime1\CudaRuntime1>"C:\Program Files\NVIDIA GPU Computing Toolkit\CUDA\v13.2\bin\nvcc.exe" -gencode=arch=compute_75,code=\"sm_75,compute_75\" --use-local-env -ccbin "D:\Programs\Microsoft Visual Studio\2022\Community\VC\Tools\MSVC\14.44.35207\bin\HostX64\x64" -x cu   -I"C:\Program Files\NVIDIA GPU Computing Toolkit\CUDA\v13.2\include\cccl" -I"C:\Program Files\NVIDIA GPU Computing Toolkit\CUDA\v13.2\include\cccl" -I"C:\Program Files\NVIDIA GPU Computing Toolkit\CUDA\v13.2\include" -I"C:\Program Files\NVIDIA GPU Computing Toolkit\CUDA\v13.2\include" -I"C:\Program Files\NVIDIA GPU Computing Toolkit\CUDA\v13.2\include"  -G   --keep-dir x64\Debug  -maxrregcount=0    --machine 64 --compile -cudart hybrid -std=c++17 -g  -D"WIN32" -D"WIN64" -D_DEBUG -D_CONSOLE -D_MBCS -Xcompiler "/EHsc /W3 /nologo /Od /FS /Zi /RTC1 /MDd " -Xcompiler "/Fdx64\Debug\vc143.pdb" -o "D:\ComputerEng Hacettepe Master\CMP674- Parallel Computing with GPUs\Projects\Yeni klasör\m\CudaRuntime1\CudaRuntime1\x64\Debug\simulate_gpu.cu.obj" "D:\ComputerEng Hacettepe Master\CMP674- Parallel Computing with GPUs\Projects\Yeni klasör\m\CudaRuntime1\CudaRuntime1\simulate_gpu.cu" -Xcompiler /Zc:preprocessor 
  
  D:\ComputerEng Hacettepe Master\CMP674- Parallel Computing with GPUs\Projects\Yeni klasör\m\CudaRuntime1\CudaRuntime1>"C:\Program Files\NVIDIA GPU Computing Toolkit\CUDA\v13.2\bin\nvcc.exe" -gencode=arch=compute_75,code=\"sm_75,compute_75\" --use-local-env -ccbin "D:\Programs\Microsoft Visual Studio\2022\Community\VC\Tools\MSVC\14.44.35207\bin\HostX64\x64" -x cu   -I"C:\Program Files\NVIDIA GPU Computing Toolkit\CUDA\v13.2\include\cccl" -I"C:\Program Files\NVIDIA GPU Computing Toolkit\CUDA\v13.2\include\cccl" -I"C:\Program Files\NVIDIA GPU Computing Toolkit\CUDA\v13.2\include" -I"C:\Program Files\NVIDIA GPU Computing Toolkit\CUDA\v13.2\include" -I"C:\Program Files\NVIDIA GPU Computing Toolkit\CUDA\v13.2\include"  -G   --keep-dir x64\Debug  -maxrregcount=0    --machine 64 --compile -cudart hybrid -std=c++17 -g  -D"WIN32" -D"WIN64" -D_DEBUG -D_CONSOLE -D_MBCS -Xcompiler "/EHsc /W3 /nologo /Od /FS /Zi /RTC1 /MDd " -Xcompiler "/Fdx64\Debug\vc143.pdb" -o "D:\ComputerEng Hacettepe Master\CMP674- Parallel Computing with GPUs\Projects\Yeni klasör\m\CudaRuntime1\CudaRuntime1\x64\Debug\calculate_gpu.cu.obj" "D:\ComputerEng Hacettepe Master\CMP674- Parallel Computing with GPUs\Projects\Yeni klasör\m\CudaRuntime1\CudaRuntime1\calculate_gpu.cu" -Xcompiler /Zc:preprocessor 
  simulate_gpu.cu
  calculate_gpu.cu
  tmpxft_000044c0_00000000-7_simulate_gpu.cudafe1.cpp
  tmpxft_00001958_00000000-7_calculate_gpu.cudafe1.cpp
  calculate_cpu.cpp
  main.cpp
C:\Program Files\NVIDIA GPU Computing Toolkit\CUDA\v13.2\include\curand_poisson.h(649,55): warning C4996: 'double4::x': use double4_16a or double4_32a
  (compiling source file 'main.cpp')
  
C:\Program Files\NVIDIA GPU Computing Toolkit\CUDA\v13.2\include\curand_poisson.h(650,55): warning C4996: 'double4::y': use double4_16a or double4_32a
  (compiling source file 'main.cpp')
  
C:\Program Files\NVIDIA GPU Computing Toolkit\CUDA\v13.2\include\curand_poisson.h(651,55): warning C4996: 'double4::z': use double4_16a or double4_32a
  (compiling source file 'main.cpp')
  
C:\Program Files\NVIDIA GPU Computing Toolkit\CUDA\v13.2\include\curand_poisson.h(652,55): warning C4996: 'double4::w': use double4_16a or double4_32a
  (compiling source file 'main.cpp')
  
D:\ComputerEng Hacettepe Master\CMP674- Parallel Computing with GPUs\Projects\Yeni klasör\m\CudaRuntime1\CudaRuntime1\main.cpp(16,22): warning C4305: 'initializing': truncation from 'double' to 'float'
D:\ComputerEng Hacettepe Master\CMP674- Parallel Computing with GPUs\Projects\Yeni klasör\m\CudaRuntime1\CudaRuntime1\main.cpp(17,18): warning C4305: 'initializing': truncation from 'double' to 'float'
D:\ComputerEng Hacettepe Master\CMP674- Parallel Computing with GPUs\Projects\Yeni klasör\m\CudaRuntime1\CudaRuntime1\main.cpp(18,27): warning C4305: 'initializing': truncation from 'double' to 'float'
  output.cpp
  simulate_cpu.cpp
D:\ComputerEng Hacettepe Master\CMP674- Parallel Computing with GPUs\Projects\Yeni klasör\m\CudaRuntime1\CudaRuntime1\simulate_cpu.cpp(12,26): warning C4244: '=': conversion from 'double' to '_Ty', possible loss of data
D:\ComputerEng Hacettepe Master\CMP674- Parallel Computing with GPUs\Projects\Yeni klasör\m\CudaRuntime1\CudaRuntime1\simulate_cpu.cpp(12,26): warning C4244:         with
D:\ComputerEng Hacettepe Master\CMP674- Parallel Computing with GPUs\Projects\Yeni klasör\m\CudaRuntime1\CudaRuntime1\simulate_cpu.cpp(12,26): warning C4244:         [
D:\ComputerEng Hacettepe Master\CMP674- Parallel Computing with GPUs\Projects\Yeni klasör\m\CudaRuntime1\CudaRuntime1\simulate_cpu.cpp(12,26): warning C4244:             _Ty=float
D:\ComputerEng Hacettepe Master\CMP674- Parallel Computing with GPUs\Projects\Yeni klasör\m\CudaRuntime1\CudaRuntime1\simulate_cpu.cpp(12,26): warning C4244:         ]
  Generating Code...
     Creating library D:\ComputerEng Hacettepe Master\CMP674- Parallel Computing with GPUs\Projects\Yeni klasör\m\CudaRuntime1\x64\Debug\CudaRuntime1.lib and object D:\ComputerEng Hacettepe Master\CMP674- Parallel Computing with GPUs\Projects\Yeni klasör\m\CudaRuntime1\x64\Debug\CudaRuntime1.exp
LINK : warning LNK4098: defaultlib 'LIBCMT' conflicts with use of other libs; use /NODEFAULTLIB:library
  CudaRuntime1.vcxproj -> D:\ComputerEng Hacettepe Master\CMP674- Parallel Computing with GPUs\Projects\Yeni klasör\m\CudaRuntime1\x64\Debug\CudaRuntime1.exe
