d:\computereng hacettepe master\cmp674- parallel computing with gpus\projects\last\parallel\m\cudaruntime1\cudaruntime1\x64\debug\vc143.pdb
d:\computereng hacettepe master\cmp674- parallel computing with gpus\projects\last\parallel\m\cudaruntime1\cudaruntime1\x64\debug\vc143.idb
d:\computereng hacettepe master\cmp674- parallel computing with gpus\projects\last\parallel\m\cudaruntime1\cudaruntime1\x64\debug\simulate_cpu.obj
d:\computereng hacettepe master\cmp674- parallel computing with gpus\projects\last\parallel\m\cudaruntime1\cudaruntime1\x64\debug\output.obj
d:\computereng hacettepe master\cmp674- parallel computing with gpus\projects\last\parallel\m\cudaruntime1\cudaruntime1\x64\debug\main.obj
d:\computereng hacettepe master\cmp674- parallel computing with gpus\projects\last\parallel\m\cudaruntime1\cudaruntime1\x64\debug\calculate_cpu.obj
d:\computereng hacettepe master\cmp674- parallel computing with gpus\projects\last\parallel\m\cudaruntime1\cudaruntime1\x64\debug\calculate_gpu.cu.obj
d:\computereng hacettepe master\cmp674- parallel computing with gpus\projects\last\parallel\m\cudaruntime1\cudaruntime1\x64\debug\simulate_gpu.cu.obj
d:\computereng hacettepe master\cmp674- parallel computing with gpus\projects\last\parallel\m\cudaruntime1\x64\debug\cudaruntime1.exe
d:\computereng hacettepe master\cmp674- parallel computing with gpus\projects\last\parallel\m\cudaruntime1\x64\debug\cudaruntime1.pdb
d:\computereng hacettepe master\cmp674- parallel computing with gpus\projects\last\parallel\m\cudaruntime1\x64\debug\cudaruntime1.lib
d:\computereng hacettepe master\cmp674- parallel computing with gpus\projects\last\parallel\m\cudaruntime1\x64\debug\cudaruntime1.exp
d:\computereng hacettepe master\cmp674- parallel computing with gpus\projects\last\parallel\m\cudaruntime1\cudaruntime1\x64\debug\cudaruntime1.ilk
d:\computereng hacettepe master\cmp674- parallel computing with gpus\projects\last\parallel\m\cudaruntime1\cudaruntime1\x64\debug\calculate_gpu.cu.cache
d:\computereng hacettepe master\cmp674- parallel computing with gpus\projects\last\parallel\m\cudaruntime1\cudaruntime1\x64\debug\simulate_gpu.cu.cache
d:\computereng hacettepe master\cmp674- parallel computing with gpus\projects\last\parallel\m\cudaruntime1\cudaruntime1\x64\debug\cudaruntime1.tlog\cl.command.1.tlog
d:\computereng hacettepe master\cmp674- parallel computing with gpus\projects\last\parallel\m\cudaruntime1\cudaruntime1\x64\debug\cudaruntime1.tlog\cl.items.tlog
d:\computereng hacettepe master\cmp674- parallel computing with gpus\projects\last\parallel\m\cudaruntime1\cudaruntime1\x64\debug\cudaruntime1.tlog\cl.read.1.tlog
d:\computereng hacettepe master\cmp674- parallel computing with gpus\projects\last\parallel\m\cudaruntime1\cudaruntime1\x64\debug\cudaruntime1.tlog\cl.write.1.tlog
d:\computereng hacettepe master\cmp674- parallel computing with gpus\projects\last\parallel\m\cudaruntime1\cudaruntime1\x64\debug\cudaruntime1.tlog\cudacompile.read.1u.tlog
d:\computereng hacettepe master\cmp674- parallel computing with gpus\projects\last\parallel\m\cudaruntime1\cudaruntime1\x64\debug\cudaruntime1.tlog\cudacompile.write.1u.tlog
d:\computereng hacettepe master\cmp674- parallel computing with gpus\projects\last\parallel\m\cudaruntime1\cudaruntime1\x64\debug\cudaruntime1.tlog\link.command.1.tlog
d:\computereng hacettepe master\cmp674- parallel computing with gpus\projects\last\parallel\m\cudaruntime1\cudaruntime1\x64\debug\cudaruntime1.tlog\link.read.1.tlog
d:\computereng hacettepe master\cmp674- parallel computing with gpus\projects\last\parallel\m\cudaruntime1\cudaruntime1\x64\debug\cudaruntime1.tlog\link.secondary.1.tlog
d:\computereng hacettepe master\cmp674- parallel computing with gpus\projects\last\parallel\m\cudaruntime1\cudaruntime1\x64\debug\cudaruntime1.tlog\link.write.1.tlog
